Building for debugging...
[0/4] Write swift-version--58304C5D6DBC2206.txt
Build complete! (0.16s)
Test Suite 'All tests' started at 2026-04-16 11:10:21.397.
Test Suite 'All tests' passed at 2026-04-16 11:10:21.398.
	 Executed 0 tests, with 0 failures (0 unexpected) in 0.000 (0.001) seconds
◇ Test run started.
↳ Testing Library Version: 1743
↳ Target Platform: arm64e-apple-macos14.0
◇ Suite "HealthGaugeView" started.
◇ Suite "RuleFile" started.
◇ Suite "AuditEntry" started.
◇ Suite "Rule Set Integration" started.
◇ Suite "Safety Level and Tier Alignment" started.
◇ Suite "LocalAIService" started.
◇ Suite "MoleError" started.
◇ Suite "SidebarSection" started.
◇ Suite "MoleRunResult" started.
◇ Suite "HealthScoreRange" started.
◇ Suite "RuleLoader" started.
◇ Suite "AlertItem" started.
◇ Suite "MoPurgeAdapter" started.
◇ Suite "MetricCollectionError" started.
◇ Suite "CleanupProfile" started.
◇ Suite "ConditionEvaluator" started.
◇ Suite "MoStatusAdapter" started.
◇ Suite "MoleRunnerConfig" started.
◇ Suite "SafetyClassifier" started.
◇ Suite "Confirmation Tier Determination" started.
◇ Suite "MoCleanAdapter" started.
◇ Suite "ThermalLevel" started.
◇ Suite "MoleOutputParser" started.
◇ Suite "ScanResult" started.
◇ Suite "Category Safety Mapping" started.
◇ Suite "AuditWriter" started.
◇ Suite "ScanRule" started.
◇ Suite "PersistenceController" started.
◇ Suite "MoleRunner" started.
◇ Suite "MoAnalyzeAdapter" started.
◇ Suite "SystemMetrics" started.
◇ Suite "SidebarItem" started.
◇ Suite "ScanBucket" started.
◇ Suite "RuleParser" started.
◇ Suite "CleanupResult" started.
◇ Test "Tier escalates to highest risk, never de-escalates" started.
◇ Test "Default cleanup method is trash" started.
◇ Test "Conforms to AIServiceProtocol" started.
◇ Test "Individual SafetyLevel.confirmationTier matches determineTier for homogeneous sets" started.
◇ Suite "SafetyLevel" started.
◇ Test "ExplanationSource equality" started.
◇ Test "Every rule has a source with a name" started.
◇ Test "AIServiceError loadFailed wraps underlying error" started.
◇ Suite "Confirmation Total Computation" started.
◇ Test "binaryNotFound includes searched path" started.
◇ Test "Custom idle timeout is stored" started.
◇ Test "Developer rules cover Xcode, node_modules, Docker, Homebrew" started.
◇ Test "crashed includes command and exit code" started.
◇ Test "AIModelLifecycleState equality" started.
◇ Test "Every rule has a non-empty id" started.
◇ Test "unloadModel resets state to unloaded" started.
◇ Test "timeout includes command name and seconds" started.
◇ Test "Every rule has confidence between 0 and 100" started.
◇ Test "Codable round-trip preserves audit entry" started.
◇ Test "Initial lifecycle state is unloaded" started.
◇ Test "AIServiceError modelTooLarge has descriptive message" started.
◇ Test "Max model memory is 3 GB" started.
◇ Test "AIExplanation preserves text and source" started.
◇ Test "Returns YAML rule explanation when no model downloaded" started.
◇ Test "succeeded is false for non-zero exit code" started.
◇ Test "stderrString decodes UTF-8 data" started.
◇ Test "succeeded is true when exit code is 0" started.
◇ Test "Safe rules have high confidence (>= 85)" started.
◇ Test "executionFailed includes command and exit code" started.
◇ Test "duration is preserved" started.
◇ Test "isModelAvailable is false when no model downloaded" started.
◇ Test "Every rule has at least one path" started.
◇ Test "Healthy maps to safe color" started.
◇ Test "Categories align with built-in CleanupProfile definitions" started.
◇ Test "empty stdout/stderr returns empty strings" started.
◇ Test "Every rule has a non-empty category" started.
◇ Test "All item IDs are unique across sections" started.
◇ Test "Default section labels are uppercase" started.
◇ Test "Moderate maps to review color" started.
◇ Test "stdoutString decodes UTF-8 data" started.
◇ Test "Expected number of rule files loaded" started.
◇ Test "Default idle timeout is 60 seconds" started.
◇ Test "Score 50-79 is moderate" started.
◇ Test "Default section IDs match expected groups" started.
◇ Test "Out-of-range scores are clamped: -5 is poor, 101 is healthy" started.
◇ Test "Every item has an SF Symbol icon name" started.
◇ Test "Each default section has at least one item" started.
◇ Test "Default items have expected IDs" started.
◇ Test "All rule files load without errors" started.
◇ Test "Score 80-100 is healthy" started.
◇ Test "Score 0-49 is poor" started.
◇ Test "Boundary: 49 is poor, 50 is moderate, 79 is moderate, 80 is healthy" started.
◇ Test "All rule IDs are unique" started.
◇ Test "System rules cover caches, logs, temp, trash" started.
◇ Test "Rules use all three safety levels" started.
◇ Test "formatBytes: terabytes" started.
◇ Test "Loads rules from directory with YAML files" started.
◇ Test "Returns empty result for nonexistent directory" started.
◇ Test "Poor maps to protected color" started.
◇ Test "staleness uses most recent access date in group" started.
◇ Test "Collects errors but continues loading other files" started.
◇ Test "Ignores non-YAML files" started.
◇ Test "Default sections has five groups" started.
◇ Test "Browser rules cover Chrome, Safari, Firefox, Arc" started.
◇ Test "aggregate includes review items" started.
◇ Test "aggregate groups by category" started.
◇ Test "formatBytes: gigabytes" started.
◇ Test "headline with staleness qualifier" started.
◇ Test "scan propagates MoleError on process failure" started.
◇ Test "formatBytes: megabytes" started.
◇ Test "scan preserves Trust Layer metadata on dev artifacts" started.
◇ Test "purgeCategories contains expected categories" started.
◇ Test "formatBytes: kilobytes" started.
◇ Test "formatBytes: small bytes" started.
◇ Test "staleness computed for items older than 7 days" started.
◇ Test "headline without staleness" started.
◇ Test "scan returns only dev artifact categories" started.
◇ Test "aggregate returns empty for empty input" started.
◇ Test "Three built-in profiles exist" started.
◇ Test "scan without progress observer does not crash" started.
◇ Test "scan with empty results returns empty array" started.
◇ Test "aggregate excludes protected items" started.
◇ Test "aggregate returns empty for no actionable results" started.
◇ Test "Light profile is conservative" started.
◇ Test "Developer profile has age-based safety override" started.
◇ Test "Developer profile includes dev artifact categories" started.
◇ Test "Deep profile covers everything" started.
◇ Test "formatBytes: zero bytes" started.
◇ Test "scan updates ScanProgress lifecycle" started.
◇ Test "RuleFile Codable round-trip" started.
◇ Test "Built-in profiles are not marked as custom" started.
◇ Test "no staleness for fresh items" started.
◇ Test "RuleFile contains multiple rules" started.
◇ Test "Error descriptions are non-empty" started.
◇ Test "unknown category defaults to deepClean" started.
◇ Test "Default size is 120" started.
◇ Test "Codable round-trip preserves profile with overrides" started.
◇ Test "detail singular and plural" started.
◇ Test "Custom size is respected" started.
◇ Test "Score clamped to 100 maximum" started.
◇ Test "age < 7d returns true for 3-day-old file" started.
◇ Test "age > 30d returns true for 31-day-old file" started.
◇ Test "age > 90d returns true for very old file" started.
◇ Test "returns false when lastAccessed is nil" started.
◇ Test "age >= 30d returns true for exactly 30-day-old file" started.
◇ Test "Score within range is not clamped" started.
◇ Test "Score clamped to 0 minimum" started.
◇ Test "status propagates MoleError on process failure" started.
◇ Test "age > 24h equivalent to age > 1d" started.
◇ Test "age > 30d returns false for 29-day-old file" started.
◇ Test "age > 0d returns true for any file with lastAccessed in the past" started.
◇ Test "age > 60m for minute-granularity" started.
◇ Test "alerts sorted by reclaimable size descending" started.
◇ Test "no staleness when lastAccessed is nil" started.
◇ Test "status handles partial output with safe defaults" started.
◇ Test "status unknown thermal level defaults to nominal" started.
◇ Test "Every rule has a non-empty explanation" started.
◇ Test "Default timeout is 60 seconds" started.
◇ Test "returns false for unrecognized condition" started.
◇ Test "status computes health score correctly for critical state" started.
◇ Test "status returns SystemMetrics with correct values" started.
◇ Test "Override with empty profiles applies to all profiles" started.
◇ Test "handles whitespace in condition" started.
◇ Test "Any protected → fullModal" started.
◇ Test "age > 7d returns true for 8-day-old file" started.
◇ Test "status propagates parse error on invalid JSON" started.
◇ Test "All safe items → singleButton" started.
◇ Test "Mixed safe + review → summaryDialog" started.
◇ Test "Rule-level overrides take precedence over profile-level overrides" started.
◇ Test "Empty items → singleButton (degenerate case)" started.
◇ Test "All protected → fullModal" started.
◇ Test "Custom timeout and binary path" started.
◇ Test "Single safe item → singleButton" started.
◇ Test "Deep profile: additional overrides for >7d items" started.
◇ Test "Developer profile: node_modules >30d auto-classified as safe" started.
◇ Test "Developer profile override does NOT apply to light profile" started.
◇ Test "Protected overrides review in tier selection" started.
◇ Test "All review → summaryDialog" started.
◇ Test "First matching override wins" started.
◇ Test "Developer profile override does NOT apply to recent files" started.
◇ Test "Override appends explanation_suffix to base explanation" started.
◇ Test "Override does not apply when lastAccessed is nil" started.
◇ Test "Override with confidence replaces base confidence" started.
◇ Test "Returns base safety when no overrides defined" started.
◇ Test "Batch classify processes all results" started.
◇ Test "Profile-level overrides apply when no rule-level overrides match" started.
◇ Test "Init from ProcessInfo.ThermalState" started.
◇ Test "Codable round-trip preserves all fields" started.
◇ Test "Override without explanation_suffix preserves base explanation" started.
◇ Test "Override without confidence uses base confidence" started.
◇ Test "Default values for optional fields" started.
◇ Test "Returns base safety when no overrides match" started.
◇ Test "Tags are preserved when present" started.
◇ Test "category-to-destination mapping" started.
◇ Test "Parses empty items array" started.
◇ Test "Score mapping: nominal=100, fair=70, serious=35, critical=0" started.
◇ Test "Comparable ordering: nominal < fair < serious < critical" started.
◇ Test "Skips items missing required JSON fields without failing entire parse" started.
◇ Test "Unknown categories default to review" started.
◇ Test "Missing tags default to empty array" started.
◇ Test "Review categories" started.
◇ Test "Safe categories" started.
◇ Test "Handles minimal items with only required fields" started.
◇ Test "readEntries returns all written entries" started.
◇ Test "Default log directory is ~/Library/Logs/Gargantua" started.
◇ Test "Creates log directory and writes JSONL" started.
◇ Test "Parses complete Mole JSON with all fields" started.
◇ Test "purgeEntries returns 0 when all entries are within retention" started.
◇ Test "purgeEntries removes entries older than retention period" started.
◇ Test "Protected categories" started.
◇ Test "readEntries returns empty array for nonexistent log" started.
◇ Test "purgeEntries with default 90-day retention" started.
◇ Test "record skips writing when no items succeeded" started.
◇ Test "Throws invalidJSON for garbage input" started.
◇ Test "record computes highest safety level" started.
◇ Test "Throws invalidJSON for empty string" started.
◇ Test "purgeEntries returns 0 for nonexistent log" started.
◇ Test "Concurrent writes produce correct number of lines" started.
◇ Test "Rule with safety overrides and condition expressions" started.
◇ Test "purgeEntries with custom retention period" started.
◇ Test "Codable round-trip preserves all fields" started.
◇ Test "Codable round-trip preserves safety overrides" started.
◇ Test "Default values for optional fields" started.
◇ Test "dry-run is the default mode" started.
◇ Test "Appends multiple entries as separate lines" started.
◇ Test "Last scan date returns nil when no history" started.
◇ Test "scan without progress observer does not crash" started.
◇ Test "All fields populated correctly" started.
◇ Test "Source verification with bundle ID and signature" started.
◇ Test "Delete profile by ID" started.
◇ Test "scan propagates MoleError on process failure" started.
◇ Test "run with real process succeeds" started.
◇ Test "run with timeout throws MoleError.timeout" started.
◇ Test "Parses ISO 8601 dates" started.
◇ Test "scan updates ScanProgress lifecycle" started.
◇ Test "resolveBinaryPath uses explicit path when it exists" started.
◇ Test "scan returns ScanResult array with Trust Layer metadata" started.
◇ Test "Codable round-trip" started.
◇ Test "Bootstrap is idempotent — does not duplicate data" started.
◇ Test "scan with empty results returns empty array" started.
◇ Test "Update settings persists changes" started.
◇ Test "Record and fetch scan history" started.
◇ Test "custom timeout overrides default" started.
◇ Test "resolveBinaryPath throws when explicit path does not exist" started.
◇ Test "Profile with safety overrides round-trips correctly" started.
◇ Test "Save and fetch a custom profile" started.
◇ Test "run with missing binary throws binaryNotFound" started.
◇ Test "Bootstrap seeds built-in profiles and default settings" started.
◇ Test "run with non-zero exit throws executionFailed" started.
◇ Test "Last scan date returns most recent" started.
◇ Test "Update existing profile preserves ID" started.
◇ Test "analyze propagates MoleError on process failure" started.
◇ Test "analyze handles partial entries with missing fields" started.
◇ Test "Record and query audit entries by date range" started.
◇ Test "Purge old audit entries based on retention" started.
◇ Test "analyze handles permission denied entries" started.
◇ Test "Default settings created on first fetch" started.
◇ Test "Items with different IDs are not equal" started.
◇ Test "analyze with empty results returns empty array" started.
◇ Test "scan propagates parse error on invalid JSON" started.
◇ Test "Large size values do not overflow" started.
◇ Test "Skips items with empty path, continues parsing" started.
◇ Test "analyze propagates parse error on invalid JSON" started.
◇ Test "Items with same properties are equal" started.
◇ Test "Total size sums item sizes correctly" started.
◇ Test "Group includes empty buckets when no items for a level" started.
◇ Test "Count matches number of items" started.
◇ Test "Reports error for missing required field" started.
◇ Test "Group returns three buckets in order: safe, review, protected" started.
◇ Test "Total size is zero for empty bucket" started.
◇ Test "analyze returns nested DirectoryItem tree" started.
◇ Test "Reports error for invalid YAML" started.
◇ Test "Error description includes file path" started.
◇ Test "Group with empty input returns three empty buckets" started.
◇ Test "Items within each bucket match their safety level" started.
◇ Test "Titles match expected labels" started.
◇ Test "Reports error for invalid safety value" started.
◇ Test "Missing optional fields get sensible defaults" started.
◇ Test "Parses all three safety levels" started.
◇ Test "Parses complete rule with all fields" started.
◇ Test "Reports error for missing rules key" started.
◇ Test "Parses multiple rules in one file" started.
◇ Test "Perfect system scores 100" started.
◇ Test "Input values are clamped to 0-1" started.
◇ Test "Fully loaded system scores 0" started.
◇ Test "50% across the board with nominal thermal" started.
◇ Test "Disk full with everything else perfect" started.
◇ Test "Health score integrates with HealthScoreRange" started.
◇ Test "Weights sum to 1.0" started.
◇ Test "Thermal critical with everything else perfect" started.
◇ Test "CleanupItemResult stores error on failure" started.
◇ Test "totalFreed sums only succeeded items" started.
◇ Test "CleanupItemResult stores trash URL on success" started.
◇ Test "all failed returns zero freed" started.
◇ Test "empty result has zero freed and allSucceeded" started.
◇ Test "allSucceeded is true when no failures" started.
◇ Test "Safe items are selected by default" started.
◇ Test "Confirmation tiers scale with risk" started.
◇ Test "Review items are not selected by default" started.
◇ Test "Protected encodes as 'protected' not 'protected_'" started.
◇ Test "Safe and review items are actionable" started.
◇ Test "Codable round-trip preserves values" started.
◇ Test "Total line format matches expected pattern" started.
◇ Test "Single item total equals its size" started.
◇ Test "Total size sums all items" started.
◇ Test "Singular item count: '1 item' not '1 items'" started.
◇ Test "Protected items are not selected by default" started.
✔ Test "Default cleanup method is trash" passed after 0.070 seconds.
✔ Test "timeout includes command name and seconds" passed after 0.071 seconds.
✔ Test "crashed includes command and exit code" passed after 0.071 seconds.
✔ Test "binaryNotFound includes searched path" passed after 0.071 seconds.
✔ Test "succeeded is false for non-zero exit code" passed after 0.071 seconds.
✔ Test "succeeded is true when exit code is 0" passed after 0.071 seconds.
✔ Test "duration is preserved" passed after 0.071 seconds.
✔ Test "stderrString decodes UTF-8 data" passed after 0.071 seconds.
✔ Test "executionFailed includes command and exit code" passed after 0.071 seconds.
✔ Test "Individual SafetyLevel.confirmationTier matches determineTier for homogeneous sets" passed after 0.071 seconds.
✔ Test "Tier escalates to highest risk, never de-escalates" passed after 0.071 seconds.
✔ Test "Codable round-trip preserves audit entry" passed after 0.071 seconds.
✔ Test "Healthy maps to safe color" passed after 0.071 seconds.
✔ Test "empty stdout/stderr returns empty strings" passed after 0.071 seconds.
✔ Test "Moderate maps to review color" passed after 0.071 seconds.
✔ Test "Default section labels are uppercase" passed after 0.071 seconds.
✔ Test "stdoutString decodes UTF-8 data" passed after 0.071 seconds.
✔ Test "All item IDs are unique across sections" passed after 0.071 seconds.
✔ Test "Score 50-79 is moderate" passed after 0.071 seconds.
✔ Test "Default section IDs match expected groups" passed after 0.071 seconds.
✔ Test "Out-of-range scores are clamped: -5 is poor, 101 is healthy" passed after 0.071 seconds.
✔ Test "Each default section has at least one item" passed after 0.071 seconds.
✔ Test "Every item has an SF Symbol icon name" passed after 0.071 seconds.
✔ Test "Default items have expected IDs" passed after 0.071 seconds.
✔ Test "Categories align with built-in CleanupProfile definitions" passed after 0.071 seconds.
✔ Test "Score 80-100 is healthy" passed after 0.071 seconds.
✔ Test "Score 0-49 is poor" passed after 0.071 seconds.
✔ Test "Every rule has a non-empty id" passed after 0.071 seconds.
✔ Test "Boundary: 49 is poor, 50 is moderate, 79 is moderate, 80 is healthy" passed after 0.071 seconds.
✔ Test "Every rule has a non-empty category" passed after 0.071 seconds.
✔ Test "Expected number of rule files loaded" passed after 0.071 seconds.
✔ Test "Safe rules have high confidence (>= 85)" passed after 0.071 seconds.
✔ Test "Returns empty result for nonexistent directory" passed after 0.071 seconds.
✔ Test "formatBytes: terabytes" passed after 0.071 seconds.
✔ Test "Poor maps to protected color" passed after 0.071 seconds.
✔ Test "Developer rules cover Xcode, node_modules, Docker, Homebrew" passed after 0.072 seconds.
✔ Test "Collects errors but continues loading other files" passed after 0.071 seconds.
✔ Test "Default sections has five groups" passed after 0.071 seconds.
✔ Test "Ignores non-YAML files" passed after 0.071 seconds.
✔ Test "aggregate includes review items" passed after 0.071 seconds.
✔ Test "aggregate groups by category" passed after 0.071 seconds.
✔ Test "formatBytes: gigabytes" passed after 0.071 seconds.
✔ Test "staleness uses most recent access date in group" passed after 0.071 seconds.
✔ Test "purgeCategories contains expected categories" passed after 0.071 seconds.
✔ Test "formatBytes: kilobytes" passed after 0.071 seconds.
✔ Test "Every rule has a source with a name" passed after 0.072 seconds.
✔ Test "headline with staleness qualifier" passed after 0.071 seconds.
✔ Test "headline without staleness" passed after 0.071 seconds.
✔ Test "Loads rules from directory with YAML files" passed after 0.071 seconds.
✔ Test "All rule files load without errors" passed after 0.071 seconds.
✔ Test "aggregate returns empty for empty input" passed after 0.071 seconds.
✔ Test "Three built-in profiles exist" passed after 0.071 seconds.
✔ Test "formatBytes: small bytes" passed after 0.071 seconds.
✔ Test "aggregate excludes protected items" passed after 0.071 seconds.
✔ Test "formatBytes: megabytes" passed after 0.071 seconds.
✔ Test "staleness computed for items older than 7 days" passed after 0.071 seconds.
✔ Test "Developer profile includes dev artifact categories" passed after 0.071 seconds.
✔ Test "Deep profile covers everything" passed after 0.071 seconds.
✔ Test "formatBytes: zero bytes" passed after 0.071 seconds.
✔ Test "aggregate returns empty for no actionable results" passed after 0.071 seconds.
✔ Test "Developer profile has age-based safety override" passed after 0.071 seconds.
✔ Test "RuleFile contains multiple rules" passed after 0.071 seconds.
✔ Test "no staleness for fresh items" passed after 0.071 seconds.
✔ Test "unknown category defaults to deepClean" passed after 0.071 seconds.
✔ Test "Error descriptions are non-empty" passed after 0.071 seconds.
✔ Test "Light profile is conservative" passed after 0.071 seconds.
✔ Test "Default size is 120" passed after 0.071 seconds.
✔ Test "RuleFile Codable round-trip" passed after 0.071 seconds.
✔ Test "Score clamped to 100 maximum" passed after 0.071 seconds.
✔ Test "Custom size is respected" passed after 0.071 seconds.
✔ Test "age > 30d returns true for 31-day-old file" passed after 0.071 seconds.
✔ Test "age > 90d returns true for very old file" passed after 0.071 seconds.
✔ Test "returns false when lastAccessed is nil" passed after 0.071 seconds.
✔ Test "detail singular and plural" passed after 0.071 seconds.
✔ Test "Score within range is not clamped" passed after 0.071 seconds.
✔ Test "Score clamped to 0 minimum" passed after 0.071 seconds.
✔ Test "Every rule has confidence between 0 and 100" passed after 0.072 seconds.
✔ Test "age > 24h equivalent to age > 1d" passed after 0.071 seconds.
✔ Test "age > 30d returns false for 29-day-old file" passed after 0.071 seconds.
✔ Test "age < 7d returns true for 3-day-old file" passed after 0.071 seconds.
✔ Test "age > 0d returns true for any file with lastAccessed in the past" passed after 0.071 seconds.
✔ Test "alerts sorted by reclaimable size descending" passed after 0.071 seconds.
✔ Test "no staleness when lastAccessed is nil" passed after 0.071 seconds.
✔ Test "Codable round-trip preserves profile with overrides" passed after 0.072 seconds.
✔ Test "age > 60m for minute-granularity" passed after 0.071 seconds.
✔ Test "Default timeout is 60 seconds" passed after 0.071 seconds.
✔ Test "returns false for unrecognized condition" passed after 0.071 seconds.
✔ Test "Any protected → fullModal" passed after 0.072 seconds.
✔ Test "handles whitespace in condition" passed after 0.073 seconds.
✔ Test "Every rule has at least one path" passed after 0.074 seconds.
✔ Test "All safe items → singleButton" passed after 0.073 seconds.
✔ Test "Mixed safe + review → summaryDialog" passed after 0.073 seconds.
✔ Test "Rule-level overrides take precedence over profile-level overrides" passed after 0.073 seconds.
✔ Test "Empty items → singleButton (degenerate case)" passed after 0.073 seconds.
✔ Test "All protected → fullModal" passed after 0.073 seconds.
✔ Test "Single safe item → singleButton" passed after 0.073 seconds.
✔ Test "Custom timeout and binary path" passed after 0.073 seconds.
✔ Test "Deep profile: additional overrides for >7d items" passed after 0.073 seconds.
✔ Test "Override with empty profiles applies to all profiles" passed after 0.073 seconds.
✔ Test "age >= 30d returns true for exactly 30-day-old file" passed after 0.071 seconds.
✔ Test "Built-in profiles are not marked as custom" passed after 0.071 seconds.
✔ Test "Developer profile override does NOT apply to light profile" passed after 0.073 seconds.
✔ Test "Developer profile: node_modules >30d auto-classified as safe" passed after 0.073 seconds.
✔ Test "First matching override wins" passed after 0.073 seconds.
✔ Test "Override does not apply when lastAccessed is nil" passed after 0.073 seconds.
✔ Test "Override appends explanation_suffix to base explanation" passed after 0.073 seconds.
✔ Test "Returns base safety when no overrides defined" passed after 0.073 seconds.
✔ Test "age > 7d returns true for 8-day-old file" passed after 0.073 seconds.
✔ Test "Protected overrides review in tier selection" passed after 0.073 seconds.
✔ Test "All review → summaryDialog" passed after 0.073 seconds.
✔ Test "Override with confidence replaces base confidence" passed after 0.073 seconds.
✔ Test "Init from ProcessInfo.ThermalState" passed after 0.073 seconds.
✔ Test "Codable round-trip preserves all fields" passed after 0.073 seconds.
✔ Test "Override without explanation_suffix preserves base explanation" passed after 0.074 seconds.
✔ Test "Profile-level overrides apply when no rule-level overrides match" passed after 0.074 seconds.
✔ Test "Override without confidence uses base confidence" passed after 0.074 seconds.
✔ Test "Default values for optional fields" passed after 0.073 seconds.
✔ Test "category-to-destination mapping" passed after 0.073 seconds.
✔ Test "Score mapping: nominal=100, fair=70, serious=35, critical=0" passed after 0.073 seconds.
✔ Test "Returns base safety when no overrides match" passed after 0.073 seconds.
✔ Test "Batch classify processes all results" passed after 0.074 seconds.
✔ Test "Developer profile override does NOT apply to recent files" passed after 0.073 seconds.
✔ Test "Comparable ordering: nominal < fair < serious < critical" passed after 0.074 seconds.
✔ Test "Review categories" passed after 0.073 seconds.
✔ Test "Unknown categories default to review" passed after 0.073 seconds.
✔ Test "Parses empty items array" passed after 0.074 seconds.
✔ Test "Handles minimal items with only required fields" passed after 0.074 seconds.
✔ Test "Safe categories" passed after 0.074 seconds.
✔ Test "Default log directory is ~/Library/Logs/Gargantua" passed after 0.074 seconds.
✔ Test "Tags are preserved when present" passed after 0.074 seconds.
✔ Test "Parses complete Mole JSON with all fields" passed after 0.074 seconds.
✔ Test "Protected categories" passed after 0.074 seconds.
✔ Test "readEntries returns empty array for nonexistent log" passed after 0.074 seconds.
✔ Test "Creates log directory and writes JSONL" passed after 0.074 seconds.
✔ Test "record skips writing when no items succeeded" passed after 0.074 seconds.
✔ Test "purgeEntries returns 0 when all entries are within retention" passed after 0.074 seconds.
✔ Test "purgeEntries with default 90-day retention" passed after 0.074 seconds.
✔ Test "Missing tags default to empty array" passed after 0.074 seconds.
✔ Test "readEntries returns all written entries" passed after 0.074 seconds.
✔ Test "purgeEntries removes entries older than retention period" passed after 0.074 seconds.
✔ Test "Skips items missing required JSON fields without failing entire parse" passed after 0.074 seconds.
✔ Test "record computes highest safety level" passed after 0.077 seconds.
✔ Test "Codable round-trip preserves all fields" passed after 0.077 seconds.
✔ Test "Rule with safety overrides and condition expressions" passed after 0.077 seconds.
✔ Test "Throws invalidJSON for garbage input" passed after 0.078 seconds.
✔ Test "Codable round-trip preserves safety overrides" passed after 0.077 seconds.
✔ Test "Default values for optional fields" passed after 0.077 seconds.
✔ Test "All fields populated correctly" passed after 0.078 seconds.
✔ Test "Source verification with bundle ID and signature" passed after 0.077 seconds.
✔ Test "Parses ISO 8601 dates" passed after 0.078 seconds.
✔ Test "Appends multiple entries as separate lines" passed after 0.078 seconds.
✔ Test "resolveBinaryPath uses explicit path when it exists" passed after 0.077 seconds.
✔ Test "purgeEntries with custom retention period" passed after 0.078 seconds.
✔ Test "purgeEntries returns 0 for nonexistent log" passed after 0.078 seconds.
✔ Test "Codable round-trip" passed after 0.078 seconds.
✔ Test "All rule IDs are unique" passed after 0.079 seconds.
✔ Test "Throws invalidJSON for empty string" passed after 0.078 seconds.
✔ Test "run with missing binary throws binaryNotFound" passed after 0.078 seconds.
✔ Test "resolveBinaryPath throws when explicit path does not exist" passed after 0.078 seconds.
✔ Test "Items with different IDs are not equal" passed after 0.078 seconds.
✔ Test "Large size values do not overflow" passed after 0.078 seconds.
✔ Test "Skips items with empty path, continues parsing" passed after 0.078 seconds.
✔ Test "Total size sums item sizes correctly" passed after 0.078 seconds.
✔ Test "Items with same properties are equal" passed after 0.078 seconds.
✔ Test "Group includes empty buckets when no items for a level" passed after 0.078 seconds.
✔ Test "Count matches number of items" passed after 0.078 seconds.
✔ Test "Total size is zero for empty bucket" passed after 0.078 seconds.
✔ Test "Group returns three buckets in order: safe, review, protected" passed after 0.078 seconds.
✔ Test "Items within each bucket match their safety level" passed after 0.078 seconds.
✔ Test "Titles match expected labels" passed after 0.078 seconds.
✔ Test "Reports error for invalid safety value" passed after 0.078 seconds.
✔ Test "Missing optional fields get sensible defaults" passed after 0.078 seconds.
✔ Test "System rules cover caches, logs, temp, trash" passed after 0.081 seconds.
✔ Test "Error description includes file path" passed after 0.078 seconds.
✔ Test "Perfect system scores 100" passed after 0.078 seconds.
✔ Test "Reports error for missing rules key" passed after 0.078 seconds.
✔ Test "Input values are clamped to 0-1" passed after 0.078 seconds.
✔ Test "Fully loaded system scores 0" passed after 0.078 seconds.
✔ Test "50% across the board with nominal thermal" passed after 0.078 seconds.
✔ Test "Disk full with everything else perfect" passed after 0.078 seconds.
✔ Test "Weights sum to 1.0" passed after 0.078 seconds.
✔ Test "Health score integrates with HealthScoreRange" passed after 0.078 seconds.
✔ Test "Thermal critical with everything else perfect" passed after 0.077 seconds.
✔ Test "Parses multiple rules in one file" passed after 0.078 seconds.
✔ Test "Parses complete rule with all fields" passed after 0.078 seconds.
✔ Test "Returns YAML rule explanation when no model downloaded" passed after 0.081 seconds.
✔ Test "Group with empty input returns three empty buckets" passed after 0.078 seconds.
✔ Test "Reports error for missing required field" passed after 0.079 seconds.
✔ Test "Reports error for invalid YAML" passed after 0.079 seconds.
✔ Test "totalFreed sums only succeeded items" passed after 0.024 seconds.
✔ Test "CleanupItemResult stores trash URL on success" passed after 0.023 seconds.
✔ Test "all failed returns zero freed" passed after 0.023 seconds.
✔ Test "empty result has zero freed and allSucceeded" passed after 0.023 seconds.
✔ Test "allSucceeded is true when no failures" passed after 0.023 seconds.
✔ Test "Parses all three safety levels" passed after 0.078 seconds.
✔ Test "CleanupItemResult stores error on failure" passed after 0.025 seconds.
✔ Test "Rules use all three safety levels" passed after 0.082 seconds.
✔ Test "Every rule has a non-empty explanation" passed after 0.081 seconds.
✔ Test "Browser rules cover Chrome, Safari, Firefox, Arc" passed after 0.082 seconds.
✔ Test "Confirmation tiers scale with risk" passed after 0.014 seconds.
✔ Test "Safe items are selected by default" passed after 0.014 seconds.
✔ Test "Review items are not selected by default" passed after 0.014 seconds.
✔ Test "Protected encodes as 'protected' not 'protected_'" passed after 0.014 seconds.
✔ Test "Safe and review items are actionable" passed after 0.014 seconds.
✔ Test "Codable round-trip preserves values" passed after 0.014 seconds.
✔ Test "Total line format matches expected pattern" passed after 0.014 seconds.
✔ Test "Total size sums all items" passed after 0.013 seconds.
✔ Test "Singular item count: '1 item' not '1 items'" passed after 0.013 seconds.
✔ Test "Single item total equals its size" passed after 0.014 seconds.
✔ Suite "AuditEntry" passed after 0.084 seconds.
✔ Suite "MoleError" passed after 0.084 seconds.
✔ Suite "Safety Level and Tier Alignment" passed after 0.084 seconds.
✔ Suite "SidebarSection" passed after 0.084 seconds.
✔ Suite "RuleLoader" passed after 0.084 seconds.
✔ Suite "AlertItem" passed after 0.084 seconds.
✔ Suite "CleanupProfile" passed after 0.084 seconds.
✔ Suite "RuleFile" passed after 0.084 seconds.
✔ Suite "MetricCollectionError" passed after 0.085 seconds.
✔ Suite "HealthGaugeView" passed after 0.085 seconds.
✔ Suite "ConditionEvaluator" passed after 0.084 seconds.
✔ Suite "MoleRunnerConfig" passed after 0.084 seconds.
✔ Suite "HealthScoreRange" passed after 0.084 seconds.
✔ Test "Last scan date returns nil when no history" passed after 0.081 seconds.
✔ Suite "Confirmation Tier Determination" passed after 0.084 seconds.
✔ Suite "ThermalLevel" passed after 0.084 seconds.
✔ Suite "SafetyClassifier" passed after 0.084 seconds.
✔ Suite "ScanResult" passed after 0.084 seconds.
✔ Suite "Category Safety Mapping" passed after 0.084 seconds.
✔ Suite "MoleOutputParser" passed after 0.084 seconds.
✔ Suite "SidebarItem" passed after 0.084 seconds.
✔ Suite "ScanRule" passed after 0.084 seconds.
✔ Test "Delete profile by ID" passed after 0.081 seconds.
✔ Suite "ScanBucket" passed after 0.084 seconds.
✔ Suite "RuleParser" passed after 0.084 seconds.
✔ Suite "CleanupResult" passed after 0.084 seconds.
✔ Suite "SystemMetrics" passed after 0.084 seconds.
✔ Suite "Confirmation Total Computation" passed after 0.084 seconds.
✔ Suite "Rule Set Integration" passed after 0.085 seconds.
✔ Test "run with non-zero exit throws executionFailed" passed after 0.081 seconds.
✔ Test "Concurrent writes produce correct number of lines" passed after 0.083 seconds.
✔ Suite "AuditWriter" passed after 0.086 seconds.
✔ Suite "MoleRunResult" passed after 0.091 seconds.
✔ Test "Protected items are not selected by default" passed after 0.020 seconds.
✔ Suite "SafetyLevel" passed after 0.090 seconds.
✔ Test "run with real process succeeds" passed after 0.090 seconds.
✔ Test "Bootstrap is idempotent — does not duplicate data" passed after 0.095 seconds.
✔ Test "Update settings persists changes" passed after 0.099 seconds.
✔ Test "Record and fetch scan history" passed after 0.103 seconds.
✔ Test "Profile with safety overrides round-trips correctly" passed after 0.106 seconds.
✔ Test "Save and fetch a custom profile" passed after 0.109 seconds.
✔ Test "Bootstrap seeds built-in profiles and default settings" passed after 0.112 seconds.
✔ Test "Update existing profile preserves ID" passed after 0.115 seconds.
✔ Test "Record and query audit entries by date range" passed after 0.119 seconds.
✔ Test "Purge old audit entries based on retention" passed after 0.125 seconds.
✔ Test "Default settings created on first fetch" passed after 0.127 seconds.
✔ Test "Last scan date returns most recent" passed after 0.130 seconds.
✔ Suite "PersistenceController" passed after 0.134 seconds.
✔ Test "Conforms to AIServiceProtocol" passed after 0.134 seconds.
✔ Test "ExplanationSource equality" passed after 0.134 seconds.
✔ Test "AIServiceError loadFailed wraps underlying error" passed after 0.134 seconds.
✔ Test "Custom idle timeout is stored" passed after 0.134 seconds.
✔ Test "AIModelLifecycleState equality" passed after 0.134 seconds.
✔ Test "Initial lifecycle state is unloaded" passed after 0.134 seconds.
✔ Test "Max model memory is 3 GB" passed after 0.134 seconds.
✔ Test "unloadModel resets state to unloaded" passed after 0.134 seconds.
✔ Test "AIExplanation preserves text and source" passed after 0.134 seconds.
✔ Test "isModelAvailable is false when no model downloaded" passed after 0.134 seconds.
✔ Test "Default idle timeout is 60 seconds" passed after 0.134 seconds.
✔ Test "AIServiceError modelTooLarge has descriptive message" passed after 0.134 seconds.
✔ Suite "LocalAIService" passed after 0.136 seconds.
✔ Test "scan without progress observer does not crash" passed after 0.250 seconds.
✔ Test "scan with empty results returns empty array" passed after 0.418 seconds.
✔ Test "status computes health score correctly for critical state" passed after 0.584 seconds.
✔ Test "scan returns only dev artifact categories" passed after 0.746 seconds.
✔ Test "scan preserves Trust Layer metadata on dev artifacts" passed after 0.903 seconds.
✔ Test "status propagates MoleError on process failure" passed after 1.062 seconds.
✔ Test "run with timeout throws MoleError.timeout" passed after 1.136 seconds.
✔ Test "custom timeout overrides default" passed after 1.136 seconds.
✔ Suite "MoleRunner" passed after 1.139 seconds.
✔ Test "status unknown thermal level defaults to nominal" passed after 1.226 seconds.
✔ Test "status handles partial output with safe defaults" passed after 1.381 seconds.
✔ Test "status returns SystemMetrics with correct values" passed after 1.548 seconds.
✔ Test "status propagates parse error on invalid JSON" passed after 1.706 seconds.
✔ Suite "MoStatusAdapter" passed after 1.709 seconds.
✔ Test "scan without progress observer does not crash" passed after 2.150 seconds.
✔ Test "scan with empty results returns empty array" passed after 2.306 seconds.
✔ Test "dry-run is the default mode" passed after 2.467 seconds.
✔ Test "analyze propagates parse error on invalid JSON" passed after 2.624 seconds.
✔ Test "analyze handles partial entries with missing fields" passed after 2.786 seconds.
✔ Test "scan returns ScanResult array with Trust Layer metadata" passed after 2.943 seconds.
✔ Test "analyze handles permission denied entries" passed after 3.101 seconds.
✔ Test "analyze with empty results returns empty array" passed after 3.272 seconds.
✔ Test "analyze propagates MoleError on process failure" passed after 3.432 seconds.
✔ Test "analyze returns nested DirectoryItem tree" passed after 3.592 seconds.
✔ Suite "MoAnalyzeAdapter" passed after 3.596 seconds.
✔ Test "scan propagates parse error on invalid JSON" passed after 3.758 seconds.
✔ Test "scan propagates MoleError on process failure" passed after 3.921 seconds.
✔ Test "scan updates ScanProgress lifecycle" passed after 4.094 seconds.
✔ Suite "MoCleanAdapter" passed after 4.098 seconds.
✔ Test "scan updates ScanProgress lifecycle" passed after 4.253 seconds.
✔ Test "scan propagates MoleError on process failure" passed after 4.427 seconds.
✔ Suite "MoPurgeAdapter" passed after 4.429 seconds.
✔ Test run with 265 tests in 37 suites passed after 4.430 seconds.
